// Jest Snapshot v1, https://goo.gl/fbAQLP

exports[`batch csaw id validation (full and rule) 1`] = `
{
  "vulnerabilities:CVE-2017-6074:CVE_2017_6074_kernel|KERNEL_CVE_2017_6074": {
    "id": "vulnerabilities:CVE-2017-6074:CVE_2017_6074_kernel|KERNEL_CVE_2017_6074",
    "resolution_risk": -1,
    "resolutions": [
      {
        "description": "Fix Issues caused by [CVE_2017_6074_kernel|KERNEL_CVE_2017_6074]",
        "id": "fix",
        "needs_reboot": false,
        "resolution_risk": -1,
      },
    ],
  },
  "vulnerabilities:CVE_2017_6074_kernel|KERNEL_CVE_2017_6074": {
    "id": "vulnerabilities:CVE_2017_6074_kernel|KERNEL_CVE_2017_6074",
    "resolution_risk": -1,
    "resolutions": [
      {
        "description": "Fix Issues caused by [CVE_2017_6074_kernel|KERNEL_CVE_2017_6074]",
        "id": "fix",
        "needs_reboot": false,
        "resolution_risk": -1,
      },
    ],
  },
}
`;

exports[`batch template batch resource 1`] = `
{
  "advisor:CVE_2017_6074_kernel|KERNEL_CVE_2017_6074": {
    "id": "advisor:CVE_2017_6074_kernel|KERNEL_CVE_2017_6074",
    "resolution_risk": 3,
    "resolutions": [
      {
        "description": "Update system to the latest kernel and reboot",
        "id": "kernel_update",
        "needs_reboot": true,
        "resolution_risk": 3,
      },
      {
        "description": "Disable DCCP kernel module",
        "id": "mitigate",
        "needs_reboot": true,
        "resolution_risk": 3,
      },
      {
        "description": "Make sure SELinux is enabled, enforcing and has selinux-policy-3.13.1-81.el7 or later on RHEL7",
        "id": "selinux_mitigate",
        "needs_reboot": true,
        "resolution_risk": 3,
      },
    ],
  },
  "advisor:network_bond_opts_config_issue|NETWORK_BONDING_OPTS_DOUBLE_QUOTES_ISSUE": {
    "id": "advisor:network_bond_opts_config_issue|NETWORK_BONDING_OPTS_DOUBLE_QUOTES_ISSUE",
    "resolution_risk": 3,
    "resolutions": [
      {
        "description": "Correct Bonding Config Items",
        "id": "fix",
        "needs_reboot": false,
        "resolution_risk": 3,
      },
    ],
  },
  "advisor:non-existent-issue": false,
  "test:ping": {
    "id": "test:ping",
    "resolution_risk": -1,
    "resolutions": [
      {
        "description": "Run Ansible ping module",
        "id": "fix",
        "needs_reboot": false,
        "resolution_risk": -1,
      },
    ],
  },
  "vulnerabilities:CVE-2017-15126": {
    "id": "vulnerabilities:CVE-2017-15126",
    "resolution_risk": -1,
    "resolutions": [
      {
        "description": "Upgrade packages affected by CVE-2017-15126",
        "id": "fix",
        "needs_reboot": true,
        "resolution_risk": -1,
      },
    ],
  },
}
`;

exports[`batch uses default when csaw is incorrect 1`] = `
{
  "vulnerabilities:CVE-2017-15126": {
    "id": "vulnerabilities:CVE-2017-15126",
    "resolution_risk": -1,
    "resolutions": [
      {
        "description": "Upgrade packages affected by CVE-2017-15126",
        "id": "fix",
        "needs_reboot": true,
        "resolution_risk": -1,
      },
    ],
  },
  "vulnerabilities:CVE-2017-15126:CVE_2017_6074_kernel|NOTREAL": {
    "id": "vulnerabilities:CVE-2017-15126:CVE_2017_6074_kernel|NOTREAL",
    "resolution_risk": -1,
    "resolutions": [
      {
        "description": "Upgrade packages affected by CVE-2017-15126",
        "id": "fix",
        "needs_reboot": true,
        "resolution_risk": -1,
      },
    ],
  },
}
`;
