// Jest Snapshot v1, https://goo.gl/fbAQLP

exports[`ssg impl returns template 1`] = `
"# platform = multi_platform_all
# complexity = low
# strategy = enable
# reboot = false
# disruption = low
- name: Enable rsyslog Service
  hosts: '@@HOSTS@@'
  become: true
  tags:
    - CCE-80188-6
    - NIST-800-53-AU-12
    - NIST-800-53-AU-4(1)
    - enable_strategy
    - low_complexity
    - low_disruption
    - medium_severity
    - no_reboot_needed
    - service_rsyslog_enabled
  tasks:

    - name: Enable service rsyslog
      block:

        - name: Gather the package facts
          package_facts:
            manager: auto

        - name: Enable service rsyslog
          service:
            name: rsyslog
            enabled: 'yes'
            state: started
          when:
            - '"rsyslog" in ansible_facts.packages'
      when: ansible_virtualization_role != "guest" or ansible_virtualization_type
        != "docker"
"
`;
