// Jest Snapshot v1, https://goo.gl/fbAQLP

exports[`dispatcher impl getConnectionStatus chunks large request 1`] = `undefined`;
